[html.cleanui.cloud/versions/menu-left/dashboards-alpha.html]
[backblue.gif]
[fade.gif]
[index.html]
[html.cleanui.cloud/components/kit/core/img/favicon.png]
[html.cleanui.cloud/vendors/bootstrap/dist/css/bootstrap.css]
[html.cleanui.cloud/vendors/perfect-scrollbar/css/perfect-scrollbar.css]
[html.cleanui.cloud/vendors/ladda/dist/ladda-themeless.min.css]
[html.cleanui.cloud/vendors/bootstrap-select/dist/css/bootstrap-select.min.css]
[html.cleanui.cloud/vendors/select2/dist/css/select2.min.css]
[html.cleanui.cloud/vendors/tempus-dominus-bs4/build/css/tempusdominus-bootstrap-4.min.css]
[html.cleanui.cloud/vendors/fullcalendar/dist/fullcalendar.min.css]
[html.cleanui.cloud/vendors/bootstrap-sweetalert/dist/sweetalert.css]
[html.cleanui.cloud/vendors/summernote/dist/summernote.css]
[html.cleanui.cloud/vendors/owl.carousel/dist/assets/owl.carousel.min.css]
[html.cleanui.cloud/vendors/ionrangeslider/css/ion.rangeSlider.css]
[cdn.datatables.net/v/bs4/dt-1.10.18/fc-3.2.5/r-2.2.2/datatables.min.css]
[html.cleanui.cloud/vendors/c3/c3.min.css]
[html.cleanui.cloud/vendors/chartist/dist/chartist.min.css]
[html.cleanui.cloud/vendors/nprogress/nprogress.css]
[html.cleanui.cloud/vendors/jquery-steps/demo/css/jquery.steps.css]
[html.cleanui.cloud/vendors/dropify/dist/css/dropify.min.css]
[html.cleanui.cloud/vendors/font-feathericons/dist/feather.css]
[html.cleanui.cloud/vendors/font-linearicons/style.css]
[html.cleanui.cloud/vendors/font-icomoon/style.css]
[html.cleanui.cloud/vendors/font-awesome/css/font-awesome.min.css]
[html.cleanui.cloud/vendors/jquery/dist/jquery.min.js]
[html.cleanui.cloud/vendors/popper.js/dist/umd/popper.js]
[html.cleanui.cloud/vendors/jquery-mousewheel/jquery.mousewheel.min.js]
[html.cleanui.cloud/vendors/perfect-scrollbar/js/perfect-scrollbar.jquery.js]
[html.cleanui.cloud/vendors/spin.js/spin.js]
[html.cleanui.cloud/vendors/jquery-ui/jquery-ui.min.js]
[html.cleanui.cloud/vendors/bootstrap/dist/js/bootstrap.js]
[html.cleanui.cloud/vendors/ladda/dist/ladda.min.js]
[html.cleanui.cloud/vendors/bootstrap-select/dist/js/bootstrap-select.min.js]
[html.cleanui.cloud/vendors/select2/dist/js/select2.full.min.js]
[html.cleanui.cloud/vendors/html5-form-validation/dist/jquery.validation.min.js]
[html.cleanui.cloud/vendors/jquery-typeahead/dist/jquery.typeahead.min.js]
[html.cleanui.cloud/vendors/jquery-mask-plugin/dist/jquery.mask.min.js]
[html.cleanui.cloud/vendors/autosize/dist/autosize.min.js]
[html.cleanui.cloud/vendors/bootstrap-show-password/dist/bootstrap-show-password.min.js]
[html.cleanui.cloud/vendors/moment/min/moment.min.js]
[html.cleanui.cloud/vendors/tempus-dominus-bs4/build/js/tempusdominus-bootstrap-4.min.js]
[html.cleanui.cloud/vendors/fullcalendar/dist/fullcalendar.min.js]
[html.cleanui.cloud/vendors/bootstrap-sweetalert/dist/sweetalert.min.js]
[html.cleanui.cloud/vendors/remarkable-bootstrap-notify/dist/bootstrap-notify.min.js]
[html.cleanui.cloud/vendors/summernote/dist/summernote.min.js]
[html.cleanui.cloud/vendors/owl.carousel/dist/owl.carousel.min.js]
[html.cleanui.cloud/vendors/ionrangeslider/js/ion.rangeSlider.min.js]
[html.cleanui.cloud/vendors/nestable/jquery.nestable.js]
[cdn.datatables.net/v/bs4/dt-1.10.18/fc-3.2.5/r-2.2.2/datatables.min.js]
[html.cleanui.cloud/vendors/editable-table/mindmup-editabletable.js]
[html.cleanui.cloud/vendors/d3/d3.min.js]
[html.cleanui.cloud/vendors/c3/c3.min.js]
[html.cleanui.cloud/vendors/chartist/dist/chartist.min.js]
[html.cleanui.cloud/vendors/peity/jquery.peity.min.js]
[html.cleanui.cloud/vendors/chartist-plugin-tooltips-updated/dist/chartist-plugin-tooltip.min.js]
[html.cleanui.cloud/vendors/jquery-countTo/jquery.countTo.js]
[html.cleanui.cloud/vendors/nprogress/nprogress.js]
[html.cleanui.cloud/vendors/jquery-steps/build/jquery.steps.min.js]
[html.cleanui.cloud/vendors/chart.js/dist/Chart.bundle.min.js]
[html.cleanui.cloud/vendors/dropify/dist/js/dropify.min.js]
[html.cleanui.cloud/vendors/d3-dsv/dist/d3-dsv.js]
[html.cleanui.cloud/vendors/d3-time-format/dist/d3-time-format.js]
[html.cleanui.cloud/vendors/techan/dist/techan.min.js]
[html.cleanui.cloud/vendors/jqvmap/dist/jquery.vmap.js]
[html.cleanui.cloud/vendors/jqvmap/dist/maps/jquery.vmap.usa.js]
[html.cleanui.cloud/components/kit/vendors/style.css]
[html.cleanui.cloud/components/kit/core/style.css]
[html.cleanui.cloud/components/cleanui/styles/style.css]
[html.cleanui.cloud/components/kit/widgets/style.css]
[html.cleanui.cloud/components/kit/apps/style.css]
[html.cleanui.cloud/components/cleanui/ecommerce/style.css]
[html.cleanui.cloud/components/cleanui/dashboards/style.css]
[html.cleanui.cloud/components/cleanui/system/auth/style.css]
[html.cleanui.cloud/components/cleanui/layout/breadcrumbs/style.css]
[html.cleanui.cloud/components/cleanui/layout/footer/style.css]
[html.cleanui.cloud/components/cleanui/layout/menu-left/style.css]
[html.cleanui.cloud/components/cleanui/layout/menu-top/style.css]
[html.cleanui.cloud/components/cleanui/layout/sidebar/style.css]
[html.cleanui.cloud/components/cleanui/layout/support-chat/style.css]
[html.cleanui.cloud/components/cleanui/layout/topbar/style.css]
[html.cleanui.cloud/components/kit/core/index.js]
[html.cleanui.cloud/components/cleanui/layout/menu-left/index.js]
[html.cleanui.cloud/components/cleanui/layout/menu-top/index.js]
[html.cleanui.cloud/components/cleanui/layout/sidebar/index.js]
[html.cleanui.cloud/components/cleanui/layout/support-chat/index.js]
[html.cleanui.cloud/components/cleanui/layout/topbar/index.js]
[html.cleanui.cloud/components/kit/core/img/avatars/avatar-2.png]
[html.cleanui.cloud/components/kit/core/img/avatars/2.jpg]
[html.cleanui.cloud/components/kit/core/img/logo.svg]
[html.cleanui.cloud/versions/menu-left/dashboards-beta.html]
[html.cleanui.cloud/versions/menu-left/dashboards-gamma.html]
[html.cleanui.cloud/versions/menu-left/dashboards-crypto.html]
[html.cleanui.cloud/versions/menu-left/apps-profile.html]
[html.cleanui.cloud/versions/menu-left/apps-calendar.html]
[html.cleanui.cloud/versions/menu-left/apps-gallery.html]
[html.cleanui.cloud/versions/menu-left/apps-messaging.html]
[html.cleanui.cloud/versions/menu-left/apps-mail.html]
[html.cleanui.cloud/versions/menu-left/apps-github-explore.html]
[html.cleanui.cloud/versions/menu-left/apps-github-discuss.html]
[html.cleanui.cloud/versions/menu-left/apps-digitalocean-droplets.html]
[html.cleanui.cloud/versions/menu-left/apps-digitalocean-create.html]
[html.cleanui.cloud/versions/menu-left/apps-google-analytics.html]
[html.cleanui.cloud/versions/menu-left/apps-wordpress-post.html]
[html.cleanui.cloud/versions/menu-left/apps-wordpress-posts.html]
[html.cleanui.cloud/versions/menu-left/apps-wordpress-add.html]
[html.cleanui.cloud/versions/menu-left/apps-todoist-list.html]
[html.cleanui.cloud/versions/menu-left/apps-jira-dashboard.html]
[html.cleanui.cloud/versions/menu-left/apps-jira-agile-board.html]
[html.cleanui.cloud/versions/menu-left/apps-helpdesk-dashboard.html]
[html.cleanui.cloud/versions/menu-left/ecommerce-dashboard.html]
[html.cleanui.cloud/versions/menu-left/ecommerce-orders.html]
[html.cleanui.cloud/versions/menu-left/ecommerce-product-catalog.html]
[html.cleanui.cloud/versions/menu-left/ecommerce-product-details.html]
[html.cleanui.cloud/versions/menu-left/ecommerce-cart.html]
[html.cleanui.cloud/versions/menu-left/auth-login.html]
[html.cleanui.cloud/versions/menu-left/auth-forgot-password.html]
[html.cleanui.cloud/versions/menu-left/auth-register.html]
[html.cleanui.cloud/versions/menu-left/auth-lockscreen.html]
[html.cleanui.cloud/versions/menu-left/auth-404.html]
[html.cleanui.cloud/versions/menu-left/auth-500.html]
[html.cleanui.cloud/versions/menu-left/bootstrap-tabs-pills-navs.html]
[html.cleanui.cloud/versions/menu-left/bootstrap-alerts.html]
[html.cleanui.cloud/versions/menu-left/bootstrap-badge-pills.html]
[html.cleanui.cloud/versions/menu-left/bootstrap-breadcrumb.html]
[html.cleanui.cloud/versions/menu-left/bootstrap-button-group.html]
[html.cleanui.cloud/versions/menu-left/bootstrap-buttons.html]
[html.cleanui.cloud/versions/menu-left/bootstrap-card.html]
[html.cleanui.cloud/versions/menu-left/bootstrap-carousel.html]
[html.cleanui.cloud/versions/menu-left/bootstrap-checkbox-radio.html]
[html.cleanui.cloud/versions/menu-left/bootstrap-collapse.html]
[html.cleanui.cloud/versions/menu-left/bootstrap-dropdowns.html]
[html.cleanui.cloud/versions/menu-left/bootstrap-form.html]
[html.cleanui.cloud/versions/menu-left/bootstrap-jumbotron.html]
[html.cleanui.cloud/versions/menu-left/bootstrap-layout.html]
[html.cleanui.cloud/versions/menu-left/bootstrap-list-group.html]
[html.cleanui.cloud/versions/menu-left/bootstrap-media-object.html]
[html.cleanui.cloud/versions/menu-left/bootstrap-modal.html]
[html.cleanui.cloud/versions/menu-left/bootstrap-pagination.html]
[html.cleanui.cloud/versions/menu-left/bootstrap-popovers.html]
[html.cleanui.cloud/versions/menu-left/bootstrap-progress.html]
[html.cleanui.cloud/versions/menu-left/bootstrap-selectbox.html]
[html.cleanui.cloud/versions/menu-left/bootstrap-spinners.html]
[html.cleanui.cloud/versions/menu-left/bootstrap-tables.html]
[html.cleanui.cloud/versions/menu-left/bootstrap-toasts.html]
[html.cleanui.cloud/versions/menu-left/bootstrap-tooltips.html]
[html.cleanui.cloud/versions/menu-left/widgets-general.html]
[html.cleanui.cloud/versions/menu-left/widgets-lists.html]
[html.cleanui.cloud/versions/menu-left/widgets-tables.html]
[html.cleanui.cloud/versions/menu-left/widgets-charts.html]
[html.cleanui.cloud/versions/menu-left/bootstrap-cards.html]
[html.cleanui.cloud/versions/menu-left/bootstrap-cards-tabbed.html]
[html.cleanui.cloud/versions/menu-left/form-plugins-bootstrap-select.html]
[html.cleanui.cloud/versions/menu-left/form-plugins-select2.html]
[html.cleanui.cloud/versions/menu-left/form-plugins-autocomplete.html]
[html.cleanui.cloud/versions/menu-left/form-plugins-ladda.html]
[html.cleanui.cloud/versions/menu-left/form-plugins-file-uploads.html]
[html.cleanui.cloud/versions/menu-left/form-plugins-form-validation.html]
[html.cleanui.cloud/versions/menu-left/form-plugins-form-wizard.html]
[html.cleanui.cloud/versions/menu-left/form-plugins-input-mask.html]
[html.cleanui.cloud/versions/menu-left/form-plugins-extras.html]
[html.cleanui.cloud/versions/menu-left/extra-plugins-date-picker.html]
[html.cleanui.cloud/versions/menu-left/extra-plugins-calendar.html]
[html.cleanui.cloud/versions/menu-left/extra-plugins-loading-progress.html]
[html.cleanui.cloud/versions/menu-left/extra-plugins-nestable.html]
[html.cleanui.cloud/versions/menu-left/extra-plugins-notifications-alerts.html]
[html.cleanui.cloud/versions/menu-left/extra-plugins-owl-carousel.html]
[html.cleanui.cloud/versions/menu-left/extra-plugins-slider.html]
[html.cleanui.cloud/versions/menu-left/extra-plugins-text-editor.html]
[html.cleanui.cloud/versions/menu-left/tables-bootstrap-tables.html]
[html.cleanui.cloud/versions/menu-left/tables-datatables.html]
[html.cleanui.cloud/versions/menu-left/tables-editable-tables.html]
[html.cleanui.cloud/versions/menu-left/charts-c3.html]
[html.cleanui.cloud/versions/menu-left/charts-chart-js.html]
[html.cleanui.cloud/versions/menu-left/charts-chartist-js.html]
[html.cleanui.cloud/versions/menu-left/charts-peity.html]
[html.cleanui.cloud/versions/menu-left/icons-feather-icons.html]
[html.cleanui.cloud/versions/menu-left/icons-fontawesome.html]
[html.cleanui.cloud/versions/menu-left/icons-icomoon-free.html]
[html.cleanui.cloud/versions/menu-left/icons-linearicons-free.html]
[html.cleanui.cloud/versions/menu-left/advanced-form-examples.html]
[html.cleanui.cloud/versions/menu-left/advanced-email-templates.html]
[html.cleanui.cloud/versions/menu-left/advanced-pricing-tables.html]
[html.cleanui.cloud/versions/menu-left/advanced-invoice.html]
[html.cleanui.cloud/versions/menu-left/advanced-utilities.html]
[html.cleanui.cloud/versions/menu-left/advanced-grid.html]
[html.cleanui.cloud/versions/menu-left/advanced-typography.html]
[html.cleanui.cloud/versions/menu-left/advanced-colors.html]
[html.cleanui.cloud/components/kit/core/img/content/photos/1.jpg]
[html.cleanui.cloud/components/kit/core/img/content/photos/2.jpg]
[html.cleanui.cloud/components/kit/core/img/content/photos/3.jpg]
[html.cleanui.cloud/components/kit/core/img/content/photos/4.jpg]
[html.cleanui.cloud/versions/menu-left/dashboards-alpha.html]
[fonts.googleapis.com/cssbd0c.css]
[html.cleanui.cloud/components/kit/core/img/content/photos/6.jpg]
[html.cleanui.cloud/versions/menu-left/dashboards-beta.html]
[html.cleanui.cloud/components/kit/core/img/avatars/3.jpg]
[html.cleanui.cloud/components/kit/core/img/avatars/1.jpg]
[html.cleanui.cloud/components/kit/core/img/avatars/5.jpg]
[html.cleanui.cloud/versions/menu-left/dashboards-gamma.html]
[html.cleanui.cloud/versions/menu-left/dashboards-crypto.html]
[html.cleanui.cloud/versions/menu-left/apps-profile.html]
[html.cleanui.cloud/versions/menu-left/apps-calendar.html]
[html.cleanui.cloud/components/kit/core/img/content/photos/5.jpg]
[html.cleanui.cloud/versions/menu-left/apps-gallery.html]
[html.cleanui.cloud/versions/menu-left/apps-messaging.html]
[html.cleanui.cloud/versions/menu-left/apps-mail.html]
[html.cleanui.cloud/versions/menu-left/apps-github-explore.html]
[html.cleanui.cloud/versions/menu-left/apps-github-discuss.html]
[html.cleanui.cloud/versions/menu-left/apps-digitalocean-droplets.html]
[html.cleanui.cloud/versions/menu-left/apps-digitalocean-create.html]
[html.cleanui.cloud/components/kit/core/img/avatars/4.jpg]
[html.cleanui.cloud/versions/menu-left/apps-google-analytics.html]
[html.cleanui.cloud/versions/menu-left/apps-wordpress-post.html]
[html.cleanui.cloud/versions/menu-left/apps-wordpress-posts.html]
[html.cleanui.cloud/versions/menu-left/apps-wordpress-add.html]
[html.cleanui.cloud/versions/menu-left/apps-todoist-list.html]
[html.cleanui.cloud/versions/menu-left/apps-jira-dashboard.html]
[html.cleanui.cloud/versions/menu-left/apps-jira-agile-board.html]
[html.cleanui.cloud/versions/menu-left/apps-helpdesk-dashboard.html]
[html.cleanui.cloud/components/kit/core/img/content/hands.png]
[html.cleanui.cloud/components/kit/core/img/products/001.jpg]
[html.cleanui.cloud/versions/menu-left/ecommerce-dashboard.html]
[html.cleanui.cloud/versions/menu-left/ecommerce-orders.html]
[html.cleanui.cloud/versions/menu-left/ecommerce-product-catalog.html]
[html.cleanui.cloud/components/kit/core/img/products/002.jpg]
[html.cleanui.cloud/components/kit/core/img/products/003.jpg]
[html.cleanui.cloud/components/kit/core/img/products/004.jpg]
[html.cleanui.cloud/versions/menu-left/ecommerce-product-details.html]
[html.cleanui.cloud/versions/menu-left/ecommerce-cart.html]
[html.cleanui.cloud/versions/menu-left/auth-login.html]
[html.cleanui.cloud/versions/menu-left/auth-forgot-password.html]
[html.cleanui.cloud/versions/menu-left/auth-register.html]
[html.cleanui.cloud/versions/menu-left/auth-lockscreen.html]
[html.cleanui.cloud/versions/menu-left/auth-404.html]
[html.cleanui.cloud/versions/menu-left/auth-500.html]
[html.cleanui.cloud/versions/menu-left/bootstrap-tabs-pills-navs.html]
[html.cleanui.cloud/versions/menu-left/bootstrap-alerts.html]
[html.cleanui.cloud/versions/menu-left/bootstrap-badge-pills.html]
[html.cleanui.cloud/versions/menu-left/bootstrap-breadcrumb.html]
[html.cleanui.cloud/versions/menu-left/bootstrap-button-group.html]
[html.cleanui.cloud/versions/menu-left/bootstrap-buttons.html]
[html.cleanui.cloud/versions/menu-left/bootstrap-card.html]
[html.cleanui.cloud/versions/menu-left/bootstrap-carousel.html]
[html.cleanui.cloud/versions/menu-left/bootstrap-checkbox-radio.html]
[html.cleanui.cloud/versions/menu-left/bootstrap-collapse.html]
[html.cleanui.cloud/versions/menu-left/bootstrap-dropdowns.html]
[html.cleanui.cloud/versions/menu-left/bootstrap-form.html]
[html.cleanui.cloud/versions/menu-left/bootstrap-jumbotron.html]
[html.cleanui.cloud/versions/menu-left/bootstrap-layout.html]
[html.cleanui.cloud/versions/menu-left/bootstrap-list-group.html]
[via.placeholder.com/1300x300/f0f2f4/e4e9f0.png]
[html.cleanui.cloud/versions/menu-left/bootstrap-media-object.html]
[html.cleanui.cloud/versions/menu-left/bootstrap-modal.html]
[html.cleanui.cloud/versions/menu-left/bootstrap-pagination.html]
[html.cleanui.cloud/versions/menu-left/bootstrap-popovers.html]
[html.cleanui.cloud/versions/menu-left/bootstrap-progress.html]
[html.cleanui.cloud/versions/menu-left/bootstrap-selectbox.html]
[html.cleanui.cloud/versions/menu-left/bootstrap-spinners.html]
[html.cleanui.cloud/versions/menu-left/bootstrap-tables.html]
[html.cleanui.cloud/versions/menu-left/bootstrap-toasts.html]
[html.cleanui.cloud/versions/menu-left/bootstrap-tooltips.html]
[via.placeholder.com/64x64/f0f2f4/f0f2f4.png]
[html.cleanui.cloud/components/kit/core/img/content/flowers-pieces/1.png]
[html.cleanui.cloud/components/kit/core/img/content/flowers-pieces/2.png]
[html.cleanui.cloud/components/kit/core/img/content/flowers-pieces/3.png]
[html.cleanui.cloud/components/kit/core/img/content/flowers-pieces/4.png]
[html.cleanui.cloud/components/kit/core/img/content/flowers-pieces/5.png]
[html.cleanui.cloud/components/kit/core/img/content/flowers-pieces/6.png]
[html.cleanui.cloud/components/kit/core/img/content/flowers-pieces/7.png]
[html.cleanui.cloud/components/kit/core/img/content/flowers-pieces/8.png]
[html.cleanui.cloud/components/kit/core/img/content/flowers-pieces/9.png]
[html.cleanui.cloud/versions/menu-left/widgets-general.html]
[html.cleanui.cloud/versions/menu-left/widgets-lists.html]
[html.cleanui.cloud/components/kit/core/img/content/amazon-logo.jpg]
[html.cleanui.cloud/versions/menu-left/widgets-tables.html]
[html.cleanui.cloud/versions/menu-left/widgets-charts.html]
[html.cleanui.cloud/versions/menu-left/bootstrap-cards.html]
[html.cleanui.cloud/versions/menu-left/bootstrap-cards-tabbed.html]
[html.cleanui.cloud/versions/menu-left/form-plugins-bootstrap-select.html]
[html.cleanui.cloud/versions/menu-left/form-plugins-select2.html]
[html.cleanui.cloud/versions/menu-left/form-plugins-autocomplete.html]
[html.cleanui.cloud/versions/menu-left/form-plugins-ladda.html]
[html.cleanui.cloud/versions/menu-left/form-plugins-file-uploads.html]
[html.cleanui.cloud/versions/menu-left/form-plugins-form-validation.html]
[html.cleanui.cloud/versions/menu-left/form-plugins-form-wizard.html]
[html.cleanui.cloud/versions/menu-left/form-plugins-input-mask.html]
[html.cleanui.cloud/versions/menu-left/form-plugins-extras.html]
[html.cleanui.cloud/versions/menu-left/extra-plugins-date-picker.html]
[html.cleanui.cloud/versions/menu-left/extra-plugins-calendar.html]
[html.cleanui.cloud/versions/menu-left/extra-plugins-loading-progress.html]
[html.cleanui.cloud/versions/menu-left/extra-plugins-nestable.html]
[html.cleanui.cloud/versions/menu-left/extra-plugins-notifications-alerts.html]
[html.cleanui.cloud/versions/menu-left/extra-plugins-owl-carousel.html]
[html.cleanui.cloud/versions/menu-left/extra-plugins-slider.html]
[html.cleanui.cloud/versions/menu-left/extra-plugins-text-editor.html]
[html.cleanui.cloud/versions/menu-left/tables-bootstrap-tables.html]
[html.cleanui.cloud/versions/menu-left/tables-datatables.html]
[html.cleanui.cloud/versions/menu-left/tables-editable-tables.html]
[html.cleanui.cloud/versions/menu-left/charts-c3.html]
[html.cleanui.cloud/versions/menu-left/charts-chart-js.html]
[html.cleanui.cloud/versions/menu-left/charts-chartist-js.html]
[html.cleanui.cloud/versions/menu-left/charts-peity.html]
[html.cleanui.cloud/versions/menu-left/icons-feather-icons.html]
[html.cleanui.cloud/versions/menu-left/icons-fontawesome.html]
[html.cleanui.cloud/versions/menu-left/icons-icomoon-free.html]
[html.cleanui.cloud/versions/menu-left/icons-linearicons-free.html]
[html.cleanui.cloud/versions/menu-left/advanced-form-examples.html]
[html.cleanui.cloud/components/kit/core/img/tf-logo.png]
[html.cleanui.cloud/versions/menu-left/advanced-email-templates.html]
[html.cleanui.cloud/versions/menu-left/advanced-pricing-tables.html]
[html.cleanui.cloud/versions/menu-left/advanced-invoice.html]
[html.cleanui.cloud/versions/menu-left/advanced-utilities.html]
[html.cleanui.cloud/versions/menu-left/advanced-grid.html]
[html.cleanui.cloud/versions/menu-left/advanced-typography.html]
[html.cleanui.cloud/versions/menu-left/advanced-colors.html]
[html.cleanui.cloud/index.html]
[html.cleanui.cloud/vendors/jquery/dist/jquery.min.js]
[html.cleanui.cloud/vendors/popper.js/dist/umd/popper.js]
[html.cleanui.cloud/vendors/bootstrap/dist/js/bootstrap.js]
[html.cleanui.cloud/vendors/jquery-mousewheel/jquery.mousewheel.min.js]
[html.cleanui.cloud/vendors/perfect-scrollbar/js/perfect-scrollbar.jquery.js]
[html.cleanui.cloud/vendors/bootstrap/dist/css/bootstrap.css]
[html.cleanui.cloud/vendors/spin.js/spin.js]
[html.cleanui.cloud/vendors/perfect-scrollbar/css/perfect-scrollbar.css]
[html.cleanui.cloud/vendors/ladda/dist/ladda.min.js]
[html.cleanui.cloud/vendors/jquery-ui/jquery-ui.min.js]
[html.cleanui.cloud/vendors/ladda/dist/ladda-themeless.min.css]
[html.cleanui.cloud/vendors/bootstrap-select/dist/js/bootstrap-select.min.js]
[html.cleanui.cloud/vendors/bootstrap-select/dist/css/bootstrap-select.min.css]
[html.cleanui.cloud/vendors/jquery-typeahead/dist/jquery.typeahead.min.js]
[html.cleanui.cloud/vendors/select2/dist/js/select2.full.min.js]
[html.cleanui.cloud/vendors/select2/dist/css/select2.min.css]
[html.cleanui.cloud/vendors/html5-form-validation/dist/jquery.validation.min.js]
[html.cleanui.cloud/vendors/jquery-mask-plugin/dist/jquery.mask.min.js]
[html.cleanui.cloud/vendors/tempus-dominus-bs4/build/css/tempusdominus-bootstrap-4.min.css]
[html.cleanui.cloud/vendors/autosize/dist/autosize.min.js]
[html.cleanui.cloud/vendors/bootstrap-show-password/dist/bootstrap-show-password.min.js]
[html.cleanui.cloud/vendors/fullcalendar/dist/fullcalendar.min.css]
[html.cleanui.cloud/vendors/tempus-dominus-bs4/build/js/tempusdominus-bootstrap-4.min.js]
[html.cleanui.cloud/vendors/bootstrap-sweetalert/dist/sweetalert.css]
[html.cleanui.cloud/vendors/bootstrap-sweetalert/dist/sweetalert.min.js]
[html.cleanui.cloud/vendors/moment/min/moment.min.js]
[html.cleanui.cloud/vendors/remarkable-bootstrap-notify/dist/bootstrap-notify.min.js]
[html.cleanui.cloud/vendors/fullcalendar/dist/fullcalendar.min.js]
[html.cleanui.cloud/vendors/summernote/dist/font/summernote64fe.eot]
[html.cleanui.cloud/vendors/owl.carousel/dist/owl.carousel.min.js]
[html.cleanui.cloud/vendors/ionrangeslider/js/ion.rangeSlider.min.js]
[html.cleanui.cloud/vendors/summernote/dist/summernote.min.js]
[html.cleanui.cloud/vendors/summernote/dist/font/summernote64fe.woff]
[html.cleanui.cloud/vendors/nestable/jquery.nestable.js]
[html.cleanui.cloud/vendors/editable-table/mindmup-editabletable.js]
[html.cleanui.cloud/vendors/d3/d3.min.js]
[html.cleanui.cloud/vendors/summernote/dist/summernote.css]
[html.cleanui.cloud/vendors/summernote/dist/font/summernote64fe.ttf]
[html.cleanui.cloud/vendors/peity/jquery.peity.min.js]
[html.cleanui.cloud/vendors/chartist/dist/chartist.min.js]
[html.cleanui.cloud/vendors/c3/c3.min.js]
[html.cleanui.cloud/vendors/owl.carousel/dist/assets/owl.video.play.png]
[html.cleanui.cloud/vendors/owl.carousel/dist/assets/owl.carousel.min.css]
[html.cleanui.cloud/vendors/jquery-countTo/jquery.countTo.js]
[html.cleanui.cloud/vendors/nprogress/nprogress.js]
[html.cleanui.cloud/vendors/chartist-plugin-tooltips-updated/dist/chartist-plugin-tooltip.min.js]
[html.cleanui.cloud/vendors/ionrangeslider/css/ion.rangeSlider.css]
[html.cleanui.cloud/vendors/jquery-steps/build/jquery.steps.min.js]
[cdn.datatables.net/v/bs4/dt-1.10.18/fc-3.2.5/r-2.2.2/datatables.min.css]
[html.cleanui.cloud/vendors/dropify/dist/js/dropify.min.js]
[html.cleanui.cloud/vendors/d3-dsv/dist/d3-dsv.js]
[html.cleanui.cloud/vendors/c3/c3.min.css]
[html.cleanui.cloud/vendors/chart.js/dist/Chart.bundle.min.js]
[html.cleanui.cloud/vendors/d3-time-format/dist/d3-time-format.js]
[html.cleanui.cloud/vendors/chartist/dist/chartist.min.css]
[html.cleanui.cloud/vendors/techan/dist/techan.min.js]
[html.cleanui.cloud/vendors/jqvmap/dist/jquery.vmap.js]
[html.cleanui.cloud/vendors/nprogress/nprogress.css]
[html.cleanui.cloud/components/kit/core/index.js]
[html.cleanui.cloud/vendors/jqvmap/dist/maps/jquery.vmap.usa.js]
[html.cleanui.cloud/vendors/jquery-steps/demo/css/jquery.steps.css]
[html.cleanui.cloud/components/cleanui/layout/menu-top/index.js]
[html.cleanui.cloud/components/cleanui/layout/menu-left/index.js]
[html.cleanui.cloud/components/cleanui/layout/support-chat/index.js]
[html.cleanui.cloud/components/cleanui/layout/sidebar/index.js]
[html.cleanui.cloud/vendors/dropify/dist/css/dropify.min.css]
[html.cleanui.cloud/components/kit/core/img/content/photos/2.jpg]
[html.cleanui.cloud/vendors/dropify/dist/fonts/dropify.svg]
[html.cleanui.cloud/components/kit/core/img/content/photos/1.jpg]
[html.cleanui.cloud/components/kit/core/img/content/photos/4.jpg]
[html.cleanui.cloud/components/kit/core/img/content/photos/3.jpg]
[html.cleanui.cloud/components/kit/core/img/avatars/3.jpg]
[html.cleanui.cloud/components/kit/core/img/content/photos/5.jpg]
[html.cleanui.cloud/vendors/font-feathericons/dist/fonts/Feather144f.ttf]
[html.cleanui.cloud/components/kit/core/img/content/photos/6.jpg]
[html.cleanui.cloud/vendors/font-feathericons/dist/fonts/Feather144f.woff]
[html.cleanui.cloud/components/kit/core/img/content/hands.png]
[html.cleanui.cloud/components/kit/core/img/avatars/4.jpg]
[html.cleanui.cloud/components/kit/core/img/products/002.jpg]
[html.cleanui.cloud/components/kit/core/img/products/004.jpg]
[html.cleanui.cloud/vendors/font-feathericons/dist/feather.css]
[html.cleanui.cloud/components/kit/core/img/tf-logo.png]
[html.cleanui.cloud/vendors/font-feathericons/dist/fonts/Feather144f.svg]
[via.placeholder.com/64x64/f0f2f4/f0f2f4.png]
[via.placeholder.com/1300x300/f0f2f4/e4e9f0.png]
[html.cleanui.cloud/vendors/summernote/dist/font/summernote64fe.eot]
[html.cleanui.cloud/vendors/owl.carousel/dist/assets/owl.video.play.png]
[html.cleanui.cloud/vendors/summernote/dist/font/summernote64fe.ttf]
[html.cleanui.cloud/vendors/font-linearicons/fonts/Linearicons-Free54e9.eot]
[html.cleanui.cloud/vendors/font-feathericons/dist/fonts/Feather144f.ttf]
[html.cleanui.cloud/vendors/font-feathericons/dist/fonts/Feather144f.woff]
[html.cleanui.cloud/vendors/font-linearicons/fonts/Linearicons-Freed41d.eot]
[html.cleanui.cloud/vendors/font-linearicons/fonts/Linearicons-Free54e9.eot]
[html.cleanui.cloud/vendors/font-linearicons/fonts/Linearicons-Free54e9.woff2]
[html.cleanui.cloud/vendors/font-linearicons/fonts/Linearicons-Free54e9.woff]
[html.cleanui.cloud/vendors/font-linearicons/fonts/Linearicons-Free54e9.ttf]
[html.cleanui.cloud/vendors/font-linearicons/style.css]
[html.cleanui.cloud/vendors/font-linearicons/fonts/Linearicons-Free54e9.svg]
[html.cleanui.cloud/vendors/font-icomoon/fonts/icomoon061b.eot]
[html.cleanui.cloud/vendors/font-icomoon/fonts/icomoon061b.woff]
[html.cleanui.cloud/vendors/font-icomoon/style.css]
[html.cleanui.cloud/vendors/font-awesome/css/font-awesome.min.css]
[html.cleanui.cloud/vendors/font-icomoon/fonts/icomoon061b.ttf]
[html.cleanui.cloud/vendors/font-awesome/fonts/fontawesome-webfont3e6e.svg]
[html.cleanui.cloud/vendors/font-icomoon/fonts/icomoon061b.svg]
[html.cleanui.cloud/components/kit/vendors/bootstrap/style.css]
[html.cleanui.cloud/components/kit/vendors/perfect-scrollbar/style.css]
[html.cleanui.cloud/components/kit/vendors/chartist/style.css]
[html.cleanui.cloud/components/kit/vendors/chartist-tooltip-plugin/style.css]
[html.cleanui.cloud/components/kit/vendors/datatables/style.css]
[html.cleanui.cloud/components/kit/vendors/datatables-responsive/style.css]
[html.cleanui.cloud/components/kit/vendors/datatables-fixedcolumns/style.css]
[html.cleanui.cloud/components/kit/vendors/eonasdan-bootstrap-datetimepicker/style.css]
[html.cleanui.cloud/components/kit/vendors/editable-table/style.css]
[html.cleanui.cloud/components/kit/vendors/fullcalendar/style.css]
[html.cleanui.cloud/components/kit/vendors/owl-carousel/style.css]
[html.cleanui.cloud/components/kit/vendors/ionrangeslider/style.css]
[html.cleanui.cloud/components/kit/vendors/nprogress/style.css]
[html.cleanui.cloud/components/kit/vendors/summernote/style.css]
[html.cleanui.cloud/components/kit/vendors/nestable/style.css]
[html.cleanui.cloud/components/kit/vendors/jquery-typeahead/style.css]
[html.cleanui.cloud/components/kit/vendors/dropify/style.css]
[html.cleanui.cloud/components/kit/vendors/html5-form-validation/style.css]
[html.cleanui.cloud/components/kit/vendors/jquery-steps/style.css]
[html.cleanui.cloud/components/kit/vendors/select2/style.css]
[html.cleanui.cloud/components/kit/vendors/bootstrap-select/style.css]
[html.cleanui.cloud/components/kit/vendors/bootstrap-sweetalert/style.css]
[html.cleanui.cloud/components/kit/vendors/jquery-ui/style.css]
[html.cleanui.cloud/components/kit/vendors/c3/style.css]
[html.cleanui.cloud/components/kit/vendors/style.css]
[html.cleanui.cloud/components/kit/core/css/core.css]
[html.cleanui.cloud/components/kit/core/css/measurements.css]
[html.cleanui.cloud/components/kit/core/css/colors.css]
[html.cleanui.cloud/components/kit/core/style.css]
[html.cleanui.cloud/components/cleanui/styles/style.css]
[html.cleanui.cloud/components/kit/core/css/utils.css]
[html.cleanui.cloud/components/kit/widgets/list/style.css]
[html.cleanui.cloud/components/kit/widgets/table/style.css]
[html.cleanui.cloud/components/kit/widgets/general/style.css]
[html.cleanui.cloud/components/kit/widgets/chart/style.css]
[html.cleanui.cloud/components/kit/widgets/style.css]
[html.cleanui.cloud/components/kit/apps/style.css]
[html.cleanui.cloud/components/cleanui/ecommerce/style.css]
[html.cleanui.cloud/components/cleanui/dashboards/style.css]
[html.cleanui.cloud/components/cleanui/system/auth/style.css]
[html.cleanui.cloud/components/cleanui/layout/breadcrumbs/style.css]
[html.cleanui.cloud/components/cleanui/layout/footer/style.css]
[html.cleanui.cloud/components/cleanui/layout/menu-left/style.css]
[html.cleanui.cloud/components/cleanui/layout/menu-top/style.css]
[html.cleanui.cloud/components/cleanui/layout/sidebar/style.css]
[html.cleanui.cloud/components/cleanui/layout/support-chat/style.css]
[html.cleanui.cloud/components/cleanui/layout/topbar/style.css]
[html.cleanui.cloud/components/kit/core/img/logo.svg]
[html.cleanui.cloud/components/kit/core/img/content/photos/7.jpg]
[html.cleanui.cloud/vendors/dropify/dist/fonts/dropify.svg]
[html.cleanui.cloud/vendors/font-feathericons/dist/fonts/Feather144f.svg]
[html.cleanui.cloud/vendors/font-linearicons/fonts/Linearicons-Free54e9.svg]
[html.cleanui.cloud/vendors/font-icomoon/fonts/icomoon061b.svg]
[html.cleanui.cloud/vendors/font-awesome/fonts/fontawesome-webfont3e6e.svg]
[html.cleanui.cloud/components/kit/vendors/bootstrap/css/card.css]
[html.cleanui.cloud/components/kit/vendors/bootstrap/css/utilities.css]
[html.cleanui.cloud/components/kit/vendors/bootstrap/css/buttons.css]
[html.cleanui.cloud/components/kit/vendors/bootstrap/css/table.css]
[html.cleanui.cloud/components/kit/vendors/bootstrap/css/typography.css]
[html.cleanui.cloud/components/kit/vendors/bootstrap/css/breadcrumb.css]
[html.cleanui.cloud/components/kit/vendors/bootstrap/css/forms.css]
[html.cleanui.cloud/components/kit/vendors/bootstrap/css/dropdowns.css]
[html.cleanui.cloud/components/kit/vendors/bootstrap/css/selectboxes.css]
[html.cleanui.cloud/components/kit/vendors/bootstrap/css/badge.css]
[html.cleanui.cloud/components/kit/vendors/bootstrap/css/carousel.css]
[html.cleanui.cloud/components/kit/vendors/bootstrap/css/collapse.css]
[html.cleanui.cloud/components/kit/vendors/bootstrap/css/modal.css]
[html.cleanui.cloud/components/kit/vendors/bootstrap/css/alerts.css]
[html.cleanui.cloud/components/kit/vendors/bootstrap/css/pagination.css]
[html.cleanui.cloud/components/kit/vendors/bootstrap/css/navs.css]
[html.cleanui.cloud/components/kit/vendors/bootstrap/css/popovers.css]
[html.cleanui.cloud/components/kit/vendors/bootstrap/css/tooltips.css]
[html.cleanui.cloud/components/kit/vendors/bootstrap/css/list-group.css]
[html.cleanui.cloud/components/kit/vendors/bootstrap/css/progress.css]
[html.cleanui.cloud/components/kit/vendors/bootstrap/css/jumbotron.css]
[html.cleanui.cloud/components/kit/vendors/bootstrap/style.css]
[html.cleanui.cloud/components/kit/vendors/perfect-scrollbar/style.css]
[html.cleanui.cloud/components/kit/vendors/chartist/style.css]
[html.cleanui.cloud/components/kit/vendors/chartist-tooltip-plugin/style.css]
[html.cleanui.cloud/components/kit/vendors/datatables/style.css]
[html.cleanui.cloud/components/kit/vendors/datatables-responsive/style.css]
[html.cleanui.cloud/components/kit/vendors/datatables-fixedcolumns/style.css]
[html.cleanui.cloud/components/kit/vendors/eonasdan-bootstrap-datetimepicker/style.css]
[html.cleanui.cloud/components/kit/vendors/editable-table/style.css]
[html.cleanui.cloud/components/kit/vendors/fullcalendar/style.css]
[html.cleanui.cloud/components/kit/vendors/owl-carousel/style.css]
[html.cleanui.cloud/components/kit/vendors/ionrangeslider/style.css]
[html.cleanui.cloud/components/kit/vendors/nprogress/style.css]
[html.cleanui.cloud/components/kit/vendors/summernote/style.css]
[html.cleanui.cloud/components/kit/vendors/nestable/style.css]
[html.cleanui.cloud/components/kit/vendors/jquery-typeahead/style.css]
[html.cleanui.cloud/components/kit/vendors/dropify/style.css]
[html.cleanui.cloud/components/kit/vendors/html5-form-validation/style.css]
[html.cleanui.cloud/components/kit/vendors/jquery-steps/style.css]
[html.cleanui.cloud/components/kit/vendors/select2/style.css]
[html.cleanui.cloud/components/kit/vendors/bootstrap-select/style.css]
[html.cleanui.cloud/components/kit/vendors/bootstrap-sweetalert/style.css]
[html.cleanui.cloud/components/kit/vendors/jquery-ui/style.css]
[html.cleanui.cloud/components/kit/vendors/c3/style.css]
[html.cleanui.cloud/components/kit/core/css/core.css]
[html.cleanui.cloud/components/kit/core/css/measurements.css]
[html.cleanui.cloud/components/kit/core/css/colors.css]
[html.cleanui.cloud/components/kit/core/css/utils.css]
[html.cleanui.cloud/components/kit/widgets/list/1/1.css]
[html.cleanui.cloud/components/kit/widgets/list/2/2.css]
[html.cleanui.cloud/components/kit/widgets/list/3/3.css]
[html.cleanui.cloud/components/kit/widgets/list/4/4.css]
[html.cleanui.cloud/components/kit/widgets/list/5/5.css]
[html.cleanui.cloud/components/kit/widgets/list/6/6.css]
[html.cleanui.cloud/components/kit/widgets/list/7/7.css]
[html.cleanui.cloud/components/kit/widgets/list/8/8.css]
[html.cleanui.cloud/components/kit/widgets/list/9/9.css]
[html.cleanui.cloud/components/kit/widgets/list/10/10.css]
[html.cleanui.cloud/components/kit/widgets/list/12/12.css]
[html.cleanui.cloud/components/kit/widgets/list/13/13.css]
[html.cleanui.cloud/components/kit/widgets/list/15/15.css]
[html.cleanui.cloud/components/kit/widgets/list/16/16.css]
[html.cleanui.cloud/components/kit/widgets/list/17/17.css]
[html.cleanui.cloud/components/kit/widgets/list/18/18.css]
[html.cleanui.cloud/components/kit/widgets/list/19/19.css]
[html.cleanui.cloud/components/kit/widgets/list/style.css]
[html.cleanui.cloud/components/kit/widgets/list/20/20.css]
[html.cleanui.cloud/components/kit/widgets/table/4/4.css]
[html.cleanui.cloud/components/kit/widgets/table/6/6.css]
[html.cleanui.cloud/components/kit/widgets/table/style.css]
[html.cleanui.cloud/components/kit/widgets/table/7/7.css]
[html.cleanui.cloud/components/kit/widgets/general/6/6.css]
[html.cleanui.cloud/components/kit/widgets/general/6-1/6-1.css]
[html.cleanui.cloud/components/kit/widgets/general/8/8.css]
[html.cleanui.cloud/components/kit/widgets/general/10/10.css]
[html.cleanui.cloud/components/kit/widgets/general/11-1/11.css]
[html.cleanui.cloud/components/kit/widgets/general/13/13.css]
[html.cleanui.cloud/components/kit/widgets/general/13-1/13-1.css]
[html.cleanui.cloud/components/kit/widgets/general/14/14.css]
[html.cleanui.cloud/components/kit/widgets/general/15/15.css]
[html.cleanui.cloud/components/kit/widgets/general/16/16.css]
[html.cleanui.cloud/components/kit/widgets/general/17/17.css]
[html.cleanui.cloud/components/kit/widgets/general/17-1/17-1.css]
[html.cleanui.cloud/components/kit/widgets/general/17-2/17-2.css]
[html.cleanui.cloud/components/kit/widgets/general/19/19.css]
[html.cleanui.cloud/components/kit/widgets/general/20/20.css]
[html.cleanui.cloud/components/kit/widgets/general/20-1/20-1.css]
[html.cleanui.cloud/components/kit/widgets/general/22/22.css]
[html.cleanui.cloud/components/kit/widgets/general/27/27.css]
[html.cleanui.cloud/components/kit/widgets/general/27-1/27-1.css]
[html.cleanui.cloud/components/kit/widgets/general/style.css]
[html.cleanui.cloud/components/kit/widgets/chart/3/3.css]
[html.cleanui.cloud/components/kit/widgets/chart/5/5.css]
[html.cleanui.cloud/components/kit/widgets/chart/6/6.css]
[html.cleanui.cloud/components/kit/widgets/chart/8/8.css]
[html.cleanui.cloud/components/kit/widgets/chart/9/9.css]
[html.cleanui.cloud/components/kit/widgets/chart/10/10.css]
[html.cleanui.cloud/components/kit/widgets/chart/11/11.css]
[html.cleanui.cloud/components/kit/widgets/chart/11-1/11-1.css]
[html.cleanui.cloud/components/kit/widgets/chart/11-2/11-2.css]
[html.cleanui.cloud/components/kit/widgets/chart/style.css]
[html.cleanui.cloud/index.html]
[html.cleanui.cloud/components/kit/vendors/bootstrap/css/card.css]
[html.cleanui.cloud/components/kit/vendors/bootstrap/css/utilities.css]
[html.cleanui.cloud/components/kit/vendors/bootstrap/css/buttons.css]
[html.cleanui.cloud/components/kit/vendors/bootstrap/css/table.css]
[html.cleanui.cloud/components/kit/vendors/bootstrap/css/typography.css]
[html.cleanui.cloud/components/kit/vendors/bootstrap/css/breadcrumb.css]
[html.cleanui.cloud/components/kit/vendors/bootstrap/css/forms.css]
[html.cleanui.cloud/components/kit/vendors/bootstrap/css/dropdowns.css]
[html.cleanui.cloud/components/kit/vendors/bootstrap/css/selectboxes.css]
[html.cleanui.cloud/components/kit/vendors/bootstrap/css/badge.css]
[html.cleanui.cloud/components/kit/vendors/bootstrap/css/carousel.css]
[html.cleanui.cloud/components/kit/vendors/bootstrap/css/collapse.css]
[html.cleanui.cloud/components/kit/vendors/bootstrap/css/modal.css]
[html.cleanui.cloud/components/kit/vendors/bootstrap/css/alerts.css]
[html.cleanui.cloud/components/kit/vendors/bootstrap/css/pagination.css]
[html.cleanui.cloud/components/kit/vendors/bootstrap/css/navs.css]
[html.cleanui.cloud/components/kit/vendors/bootstrap/css/popovers.css]
[html.cleanui.cloud/components/kit/vendors/bootstrap/css/tooltips.css]
[html.cleanui.cloud/components/kit/vendors/bootstrap/css/list-group.css]
[html.cleanui.cloud/components/kit/vendors/bootstrap/css/progress.css]
[html.cleanui.cloud/components/kit/vendors/bootstrap/css/jumbotron.css]
[html.cleanui.cloud/components/kit/vendors/bootstrap/css/navbar.css]
[html.cleanui.cloud/components/kit/widgets/list/1/1.css]
[html.cleanui.cloud/components/kit/widgets/list/2/2.css]
[html.cleanui.cloud/components/kit/widgets/list/3/3.css]
[html.cleanui.cloud/components/kit/widgets/list/4/4.css]
[html.cleanui.cloud/components/kit/widgets/list/5/5.css]
[html.cleanui.cloud/components/kit/widgets/list/6/6.css]
[html.cleanui.cloud/components/kit/widgets/list/7/7.css]
[html.cleanui.cloud/components/kit/widgets/list/8/8.css]
[html.cleanui.cloud/components/kit/core/img/3-rounds.png]
[html.cleanui.cloud/components/kit/widgets/list/9/9.css]
[html.cleanui.cloud/components/kit/widgets/list/10/10.css]
[html.cleanui.cloud/components/kit/widgets/list/12/12.css]
[html.cleanui.cloud/components/kit/widgets/list/13/13.css]
[html.cleanui.cloud/components/kit/widgets/list/15/15.css]
[html.cleanui.cloud/components/kit/widgets/list/16/16.css]
[html.cleanui.cloud/components/kit/widgets/list/17/17.css]
[html.cleanui.cloud/components/kit/widgets/list/18/18.css]
[html.cleanui.cloud/components/kit/widgets/list/19/19.css]
[html.cleanui.cloud/components/kit/widgets/list/20/20.css]
[html.cleanui.cloud/components/kit/widgets/table/4/4.css]
[html.cleanui.cloud/components/kit/widgets/table/6/6.css]
[html.cleanui.cloud/components/kit/widgets/table/7/7.css]
[html.cleanui.cloud/components/kit/widgets/general/6/6.css]
[html.cleanui.cloud/components/kit/widgets/general/6-1/6-1.css]
[html.cleanui.cloud/components/kit/widgets/general/8/8.css]
[html.cleanui.cloud/components/kit/widgets/general/10/10.css]
[html.cleanui.cloud/components/kit/widgets/general/11-1/11.css]
[html.cleanui.cloud/components/kit/core/img/content/stars.jpg]
[html.cleanui.cloud/components/kit/widgets/general/13/13.css]
[html.cleanui.cloud/components/kit/core/img/content/flowers.jpg]
[html.cleanui.cloud/components/kit/widgets/general/13-1/13-1.css]
[html.cleanui.cloud/components/kit/widgets/general/14/14.css]
[html.cleanui.cloud/components/kit/widgets/general/15/15.css]
[html.cleanui.cloud/components/kit/widgets/general/16/16.css]
[html.cleanui.cloud/components/kit/widgets/general/17/17.css]
[html.cleanui.cloud/components/kit/widgets/general/17-1/17-1.css]
[html.cleanui.cloud/components/kit/widgets/general/17-2/17-2.css]
[html.cleanui.cloud/components/kit/widgets/general/19/19.css]
[html.cleanui.cloud/components/kit/widgets/general/20/20.css]
[html.cleanui.cloud/components/kit/widgets/general/20-1/20-1.css]
[html.cleanui.cloud/components/kit/widgets/general/22/22.css]
[html.cleanui.cloud/components/kit/widgets/general/27/27.css]
[html.cleanui.cloud/components/kit/widgets/general/27-1/27-1.css]
[html.cleanui.cloud/components/kit/widgets/chart/3/3.css]
[html.cleanui.cloud/components/kit/widgets/chart/5/5.css]
[html.cleanui.cloud/components/kit/widgets/chart/6/6.css]
[html.cleanui.cloud/components/kit/widgets/chart/7/7.css]
[html.cleanui.cloud/components/kit/widgets/chart/8/8.css]
[html.cleanui.cloud/components/kit/widgets/chart/9/9.css]
[html.cleanui.cloud/components/kit/widgets/chart/10/10.css]
[html.cleanui.cloud/components/kit/widgets/chart/11/11.css]
[html.cleanui.cloud/components/kit/widgets/chart/11-1/11-1.css]
[html.cleanui.cloud/components/kit/widgets/chart/11-2/11-2.css]
